PDF:    tsr02141 Encyclopedia Magica Volume One.pdf
Pages:  1–20  (20 pages)
Output: test_20pages.md
DPI:    300

  Cache: 117 pages already extracted.
Phase 1: all pages already extracted (cached).

Phase 2: Claude cleanup (20 pages)…
  Prompt caching active — cost drops significantly after page 1.

Merging:   0%|          | 0/20 [00:00<?, ?page/s]Merging:   5%|▌         | 1/20 [00:01<00:26,  1.39s/page]Merging:  10%|█         | 2/20 [00:20<03:33, 11.86s/page]Merging:  15%|█▌        | 3/20 [00:46<05:07, 18.08s/page]Merging:  20%|██        | 4/20 [01:13<05:48, 21.80s/page]Merging:  25%|██▌       | 5/20 [01:38<05:46, 23.08s/page]Merging:  30%|███       | 6/20 [02:01<05:19, 22.85s/page]Merging:  35%|███▌      | 7/20 [02:24<04:59, 23.04s/page]Merging:  40%|████      | 8/20 [02:52<04:54, 24.56s/page]Merging:  45%|████▌     | 9/20 [03:13<04:18, 23.51s/page]Merging:  50%|█████     | 10/20 [03:29<03:31, 21.19s/page]Merging:  55%|█████▌    | 11/20 [03:52<03:14, 21.66s/page]Merging:  60%|██████    | 12/20 [04:15<02:56, 22.04s/page]Merging:  65%|██████▌   | 13/20 [04:37<02:34, 22.06s/page]Merging:  70%|███████   | 14/20 [04:56<02:07, 21.20s/page]Merging:  75%|███████▌  | 15/20 [05:13<01:38, 19.74s/page]Merging:  80%|████████  | 16/20 [05:34<01:21, 20.37s/page]Merging:  85%|████████▌ | 17/20 [05:53<00:59, 19.85s/page]Merging:  90%|█████████ | 18/20 [06:15<00:41, 20.62s/page]Merging:  95%|█████████▌| 19/20 [06:37<00:20, 20.79s/page]Merging: 100%|██████████| 20/20 [06:58<00:00, 20.84s/page]Merging: 100%|██████████| 20/20 [06:58<00:00, 20.90s/page]

────────────────────────────────────────────────
Output → test_20pages.md
Tokens:  input 93,188  output 23,152
Cache:   reads 0  writes 0
────────────────────────────────────────────────

